// Jest Snapshot v1, https://goo.gl/fbAQLP

exports[`renders and MatchSnapshot 1`] = `
<div>
  <div
    class="sc-bczRLJ jHukZu"
    role="widget"
  >
    <button
      class="sc-gsnTZi czLDEY"
      type="button"
    >
      <svg>
        plus.svg
      </svg>
      <span
        class="sr-only"
      >
        Plus
      </span>
    </button>
    <p>
      5
    </p>
    <button
      class="sc-gsnTZi czLDEY"
      type="button"
    >
      <svg>
        minus.svg
      </svg>
      <span
        class="sr-only"
      >
        Minus
      </span>
    </button>
  </div>
</div>
`;
