// Jest Snapshot v1, https://goo.gl/fbAQLP

exports[`renders and MatchSnapshot 1`] = `
<div>
  <article
    class="sc-eCYdqJ ddZxdj"
  >
    <header>
      <picture
        style="width: 2rem;"
      >
        <source
          srcset="/avatars/amyrobson.webp"
          type="image/webp"
        />
        <img
          alt="amyrobson"
          src="/avatars/amyrobson.png"
          style="width: 100%;"
        />
      </picture>
      <span
        class="sc-jSMfEi eWFTtt"
      >
        amyrobson
      </span>
      <span>
        1 month ago
      </span>
    </header>
    <p>
      Impressive! Though it seems the drag feature could be improved. But overall it looks incredible. You’ve nailed the design and the responsiveness at various breakpoints works really well.
    </p>
    <div
      id="votes"
    >
      <div
        class="sc-dkzDqf nvemP"
        role="widget"
      >
        <button
          class="sc-hKMtZM dbWWXw"
          type="button"
        >
          <svg>
            plus.svg
          </svg>
          <span
            class="sr-only"
          >
            Plus
          </span>
        </button>
        <p>
          0
        </p>
        <button
          class="sc-hKMtZM dbWWXw"
          disabled=""
          type="button"
        >
          <svg>
            minus.svg
          </svg>
          <span
            class="sr-only"
          >
            Minus
          </span>
        </button>
      </div>
    </div>
    <div
      id="buttons"
    >
      <button
        class="sc-bczRLJ gbCjDT"
        color="primary"
        type="button"
      >
        <svg>
          reply.svg
        </svg>
        Reply
      </button>
    </div>
  </article>
</div>
`;
