// Jest Snapshot v1, https://goo.gl/fbAQLP

exports[`should render 1`] = `
<div>
  <picture
    class="sc-bczRLJ kirzjg"
  >
    <source
      srcset="/../../../assets/images/avatars/image-juliusomo.webp"
      type="image/webp"
    />
    <img
      alt="juliusomo"
      src="/../../../assets/images/avatars/image-juliusomo.png"
      style="width: 100%;"
    />
  </picture>
</div>
`;
