// Jest Snapshot v1, https://goo.gl/fbAQLP

exports[`renders Interactive comments section 1`] = `
<div>
  <div
    class="sc-iqcoie exnKan"
  >
    <article
      class="sc-gKXOVf eLEpnw"
    >
      <header>
        <picture
          style="width: 2rem;"
        >
          <source
            srcset="/./images/avatars/image-amyrobson.webp"
            type="image/webp"
          />
          <img
            alt="amyrobson"
            src="/./images/avatars/image-amyrobson.png"
            style="width: 100%;"
          />
        </picture>
        <span
          class="sc-ftvSup genILV"
        >
          amyrobson
        </span>
        <span>
          1 month ago
        </span>
      </header>
      <div
        id="content"
      >
        <p>
          Impressive! Though it seems the drag feature could be improved. But overall it looks incredible. You've nailed the design and the responsiveness at various breakpoints works really well.
        </p>
      </div>
      <div
        id="votes"
      >
        <div
          class="sc-eCYdqJ cVATYX"
          role="widget"
        >
          <button
            class="sc-jSMfEi bumZEX"
            type="button"
          >
            <svg>
              plus.svg
            </svg>
            <span
              class="sr-only"
            >
              Plus
            </span>
          </button>
          <p>
            12
          </p>
          <button
            class="sc-jSMfEi bumZEX"
            type="button"
          >
            <svg>
              minus.svg
            </svg>
            <span
              class="sr-only"
            >
              Minus
            </span>
          </button>
        </div>
      </div>
      <div
        id="buttons"
      >
        <button
          class="sc-bczRLJ gbCjDT"
          color="primary"
          type="button"
        >
          <svg>
            reply.svg
          </svg>
          Reply
        </button>
      </div>
    </article>
    <article
      class="sc-gKXOVf eLEpnw"
    >
      <header>
        <picture
          style="width: 2rem;"
        >
          <source
            srcset="/./images/avatars/image-maxblagun.webp"
            type="image/webp"
          />
          <img
            alt="maxblagun"
            src="/./images/avatars/image-maxblagun.png"
            style="width: 100%;"
          />
        </picture>
        <span
          class="sc-ftvSup genILV"
        >
          maxblagun
        </span>
        <span>
          2 weeks ago
        </span>
      </header>
      <div
        id="content"
      >
        <p>
          Woah, your project looks awesome! How long have you been coding for? I'm still new, but think I want to dive into React as well soon. Perhaps you can give me an insight on where I can learn React? Thanks!
        </p>
      </div>
      <div
        id="votes"
      >
        <div
          class="sc-eCYdqJ cVATYX"
          role="widget"
        >
          <button
            class="sc-jSMfEi bumZEX"
            type="button"
          >
            <svg>
              plus.svg
            </svg>
            <span
              class="sr-only"
            >
              Plus
            </span>
          </button>
          <p>
            5
          </p>
          <button
            class="sc-jSMfEi bumZEX"
            type="button"
          >
            <svg>
              minus.svg
            </svg>
            <span
              class="sr-only"
            >
              Minus
            </span>
          </button>
        </div>
      </div>
      <div
        id="buttons"
      >
        <button
          class="sc-bczRLJ gbCjDT"
          color="primary"
          type="button"
        >
          <svg>
            reply.svg
          </svg>
          Reply
        </button>
      </div>
    </article>
    <div
      class="sc-iqcoie sc-crXcEl exnKan jdJTIT"
    >
      <article
        class="sc-gKXOVf eLEpnw"
      >
        <header>
          <picture
            style="width: 2rem;"
          >
            <source
              srcset="/./images/avatars/image-ramsesmiron.webp"
              type="image/webp"
            />
            <img
              alt="ramsesmiron"
              src="/./images/avatars/image-ramsesmiron.png"
              style="width: 100%;"
            />
          </picture>
          <span
            class="sc-ftvSup genILV"
          >
            ramsesmiron
          </span>
          <span>
            1 week ago
          </span>
        </header>
        <div
          id="content"
        >
          <p>
            <span
              class="sc-iBkjds xMmsn"
            >
              @maxblagun 
            </span>
            If you're still new, I'd recommend focusing on the fundamentals of HTML, CSS, and JS before considering React. It's very tempting to jump ahead but lay a solid foundation first.
          </p>
        </div>
        <div
          id="votes"
        >
          <div
            class="sc-eCYdqJ cVATYX"
            role="widget"
          >
            <button
              class="sc-jSMfEi bumZEX"
              type="button"
            >
              <svg>
                plus.svg
              </svg>
              <span
                class="sr-only"
              >
                Plus
              </span>
            </button>
            <p>
              4
            </p>
            <button
              class="sc-jSMfEi bumZEX"
              type="button"
            >
              <svg>
                minus.svg
              </svg>
              <span
                class="sr-only"
              >
                Minus
              </span>
            </button>
          </div>
        </div>
        <div
          id="buttons"
        >
          <button
            class="sc-bczRLJ gbCjDT"
            color="primary"
            type="button"
          >
            <svg>
              reply.svg
            </svg>
            Reply
          </button>
        </div>
      </article>
      <article
        class="sc-gKXOVf eLEpnw"
      >
        <header>
          <picture
            style="width: 2rem;"
          >
            <source
              srcset="/./images/avatars/image-juliusomo.webp"
              type="image/webp"
            />
            <img
              alt="juliusomo"
              src="/./images/avatars/image-juliusomo.png"
              style="width: 100%;"
            />
          </picture>
          <span
            class="sc-ftvSup genILV"
          >
            juliusomo
          </span>
          <span
            class="sc-papXJ TvwuZ"
          >
            you
          </span>
          <span>
            2 days ago
          </span>
        </header>
        <div
          id="content"
        >
          <p>
            <span
              class="sc-iBkjds xMmsn"
            >
              @ramsesmiron 
            </span>
            I couldn't agree more with this. Everything moves so fast and it always seems like everyone knows the newest library/framework. But the fundamentals are what stay constant.
          </p>
        </div>
        <div
          id="votes"
        >
          <div
            class="sc-eCYdqJ cVATYX"
            role="widget"
          >
            <button
              class="sc-jSMfEi bumZEX"
              type="button"
            >
              <svg>
                plus.svg
              </svg>
              <span
                class="sr-only"
              >
                Plus
              </span>
            </button>
            <p>
              2
            </p>
            <button
              class="sc-jSMfEi bumZEX"
              type="button"
            >
              <svg>
                minus.svg
              </svg>
              <span
                class="sr-only"
              >
                Minus
              </span>
            </button>
          </div>
        </div>
        <div
          id="buttons"
        >
          <button
            class="sc-bczRLJ bDIsdp"
            color="secondary"
            type="button"
          >
            <svg>
              delete.svg
            </svg>
            Delete
          </button>
          <button
            class="sc-bczRLJ gbCjDT"
            color="primary"
            type="button"
          >
            <svg>
              edit.svg
            </svg>
            Edit
          </button>
        </div>
      </article>
    </div>
    <form
      class="sc-jqUVSM DzQvt"
    >
      <picture
        style="width: 2rem;"
      >
        <source
          srcset="/./images/avatars/image-juliusomo.webp"
          type="image/webp"
        />
        <img
          alt="juliusomo"
          src="/./images/avatars/image-juliusomo.png"
          style="width: 100%;"
        />
      </picture>
      <textarea
        aria-label="New comment"
        class="sc-kDDrLX bcxLgZ"
        name="new-comment"
        placeholder="Add comment..."
        type="text"
      />
      <button
        class="sc-bczRLJ sc-gsnTZi gbCjDT jNxzwF"
        color="primary"
        type="submit"
      >
        send
      </button>
    </form>
  </div>
</div>
`;
